2026-02-26 21:30:20,583 - aiogram.dispatcher - ERROR - Failed to fetch updates - TelegramConflictError: Telegram server says - Conflict: terminated by other getUpdates request; make sure that only one bot instance is running
2026-02-26 21:30:20,584 - aiogram.dispatcher - WARNING - Sleep for 1.000000 seconds and try again... (tryings = 0, bot id = 8422805648)
2026-02-26 21:30:24,766 - aiogram.dispatcher - ERROR - Failed to fetch updates - TelegramConflictError: Telegram server says - Conflict: terminated by other getUpdates request; make sure that only one bot instance is running
2026-02-26 21:30:24,767 - aiogram.dispatcher - WARNING - Sleep for 1.000000 seconds and try again... (tryings = 0, bot id = 8422805648)
2026-02-26 21:30:25,899 - aiogram.dispatcher - ERROR - Failed to fetch updates - TelegramConflictError: Telegram server says - Conflict: terminated by other getUpdates request; make sure that only one bot instance is running
2026-02-26 21:30:25,899 - aiogram.dispatcher - WARNING - Sleep for 1.243036 seconds and try again... (tryings = 1, bot id = 8422805648)
2026-02-26 21:30:30,343 - aiogram.dispatcher - ERROR - Failed to fetch updates - TelegramConflictError: Telegram server says - Conflict: terminated by other getUpdates request; make sure that only one bot instance is running
2026-02-26 21:30:30,343 - aiogram.dispatcher - WARNING - Sleep for 1.195374 seconds and try again... (tryings = 1, bot id = 8422805648)
2026-02-26 21:30:31,682 - aiogram.dispatcher - ERROR - Failed to fetch updates - TelegramConflictError: Telegram server says - Conflict: terminated by other getUpdates request; make sure that only one bot instance is running
2026-02-26 21:30:31,682 - aiogram.dispatcher - WARNING - Sleep for 1.684686 seconds and try again... (tryings = 2, bot id = 8422805648)
2026-02-26 21:30:36,646 - aiogram.dispatcher - ERROR - Failed to fetch updates - TelegramConflictError: Telegram server says - Conflict: terminated by other getUpdates request; make sure that only one bot instance is running
2026-02-26 21:30:36,646 - aiogram.dispatcher - WARNING - Sleep for 1.434295 seconds and try again... (tryings = 2, bot id = 8422805648)
2026-02-26 21:30:38,693 - aiogram.dispatcher - ERROR - Failed to fetch updates - TelegramConflictError: Telegram server says - Conflict: terminated by other getUpdates request; make sure that only one bot instance is running
2026-02-26 21:30:38,694 - aiogram.dispatcher - WARNING - Sleep for 2.136189 seconds and try again... (tryings = 3, bot id = 8422805648)
2026-02-26 21:30:44,021 - aiogram.dispatcher - ERROR - Failed to fetch updates - TelegramConflictError: Telegram server says - Conflict: terminated by other getUpdates request; make sure that only one bot instance is running
2026-02-26 21:30:44,021 - aiogram.dispatcher - WARNING - Sleep for 1.821570 seconds and try again... (tryings = 3, bot id = 8422805648)
2026-02-26 21:30:46,001 - aiogram.dispatcher - ERROR - Failed to fetch updates - TelegramConflictError: Telegram server says - Conflict: terminated by other getUpdates request; make sure that only one bot instance is running
2026-02-26 21:30:46,002 - aiogram.dispatcher - WARNING - Sleep for 2.846038 seconds and try again... (tryings = 4, bot id = 8422805648)
2026-02-26 21:30:49,035 - aiogram.dispatcher - ERROR - Failed to fetch updates - TelegramConflictError: Telegram server says - Conflict: terminated by other getUpdates request; make sure that only one bot instance is running
2026-02-26 21:30:49,035 - aiogram.dispatcher - WARNING - Sleep for 2.363517 seconds and try again... (tryings = 4, bot id = 8422805648)
2026-02-26 21:30:54,542 - aiogram.dispatcher - ERROR - Failed to fetch updates - TelegramConflictError: Telegram server says - Conflict: terminated by other getUpdates request; make sure that only one bot instance is running
2026-02-26 21:30:54,543 - aiogram.dispatcher - WARNING - Sleep for 3.852908 seconds and try again... (tryings = 5, bot id = 8422805648)
2026-02-26 21:30:58,616 - aiogram.dispatcher - ERROR - Failed to fetch updates - TelegramConflictError: Telegram server says - Conflict: terminated by other getUpdates request; make sure that only one bot instance is running
2026-02-26 21:30:58,616 - aiogram.dispatcher - WARNING - Sleep for 3.050151 seconds and try again... (tryings = 5, bot id = 8422805648)
2026-02-26 21:31:01,835 - aiogram.dispatcher - ERROR - Failed to fetch updates - TelegramConflictError: Telegram server says - Conflict: terminated by other getUpdates request; make sure that only one bot instance is running
2026-02-26 21:31:01,835 - aiogram.dispatcher - WARNING - Sleep for 5.011994 seconds and try again... (tryings = 6, bot id = 8422805648)
2026-02-26 21:31:06,986 - aiogram.dispatcher - ERROR - Failed to fetch updates - TelegramConflictError: Telegram server says - Conflict: terminated by other getUpdates request; make sure that only one bot instance is running
2026-02-26 21:31:06,986 - aiogram.dispatcher - WARNING - Sleep for 3.879889 seconds and try again... (tryings = 6, bot id = 8422805648)
2026-02-26 21:31:10,995 - aiogram.dispatcher - ERROR - Failed to fetch updates - TelegramConflictError: Telegram server says - Conflict: terminated by other getUpdates request; make sure that only one bot instance is running
2026-02-26 21:31:10,995 - aiogram.dispatcher - WARNING - Sleep for 4.957329 seconds and try again... (tryings = 7, bot id = 8422805648)
2026-02-26 21:31:16,101 - aiogram.dispatcher - ERROR - Failed to fetch updates - TelegramConflictError: Telegram server says - Conflict: terminated by other getUpdates request; make sure that only one bot instance is running
2026-02-26 21:31:16,102 - aiogram.dispatcher - WARNING - Sleep for 4.860090 seconds and try again... (tryings = 7, bot id = 8422805648)
2026-02-26 21:31:45,409 - aiogram.dispatcher - ERROR - Failed to fetch updates - TelegramNetworkError: HTTP Client says - ServerDisconnectedError: Server disconnected
2026-02-26 21:31:45,409 - aiogram.dispatcher - WARNING - Sleep for 1.000000 seconds and try again... (tryings = 0, bot id = 8422805648)
2026-02-26 21:32:23,554 - aiogram.dispatcher - ERROR - Failed to fetch updates - TelegramNetworkError: HTTP Client says - ServerDisconnectedError: Server disconnected
2026-02-26 21:32:23,555 - aiogram.dispatcher - WARNING - Sleep for 1.000000 seconds and try again... (tryings = 0, bot id = 8422805648)
2026-02-26 21:43:28,578 - aiogram.dispatcher - ERROR - Failed to fetch updates - TelegramNetworkError: HTTP Client says - ServerDisconnectedError: Server disconnected
2026-02-26 21:43:28,578 - aiogram.dispatcher - WARNING - Sleep for 1.000000 seconds and try again... (tryings = 0, bot id = 8422805648)
2026-02-26 21:48:30,973 - aiogram.dispatcher - ERROR - Failed to fetch updates - TelegramNetworkError: HTTP Client says - ServerDisconnectedError: Server disconnected
2026-02-26 21:48:30,974 - aiogram.dispatcher - WARNING - Sleep for 1.000000 seconds and try again... (tryings = 0, bot id = 8422805648)
2026-02-26 21:50:35,867 - aiogram.dispatcher - ERROR - Failed to fetch updates - TelegramNetworkError: HTTP Client says - ServerDisconnectedError: Server disconnected
2026-02-26 21:50:35,868 - aiogram.dispatcher - WARNING - Sleep for 1.000000 seconds and try again... (tryings = 0, bot id = 8422805648)
2026-02-27 01:02:14,003 - aiogram.dispatcher - ERROR - Failed to fetch updates - TelegramNetworkError: HTTP Client says - Request timeout error
2026-02-27 01:02:14,003 - aiogram.dispatcher - WARNING - Sleep for 1.000000 seconds and try again... (tryings = 0, bot id = 8422805648)
2026-02-27 01:02:15,018 - aiogram.dispatcher - ERROR - Failed to fetch updates - TelegramNetworkError: HTTP Client says - ClientConnectorDNSError: Cannot connect to host api.telegram.org:443 ssl:default [getaddrinfo failed]
2026-02-27 01:02:15,018 - aiogram.dispatcher - WARNING - Sleep for 1.283867 seconds and try again... (tryings = 1, bot id = 8422805648)
2026-02-27 01:02:16,307 - aiogram.dispatcher - ERROR - Failed to fetch updates - TelegramNetworkError: HTTP Client says - ClientConnectorDNSError: Cannot connect to host api.telegram.org:443 ssl:default [getaddrinfo failed]
2026-02-27 01:02:16,307 - aiogram.dispatcher - WARNING - Sleep for 1.562888 seconds and try again... (tryings = 2, bot id = 8422805648)
2026-02-27 01:02:17,873 - aiogram.dispatcher - ERROR - Failed to fetch updates - TelegramNetworkError: HTTP Client says - ClientConnectorDNSError: Cannot connect to host api.telegram.org:443 ssl:default [getaddrinfo failed]
2026-02-27 01:02:17,873 - aiogram.dispatcher - WARNING - Sleep for 1.900311 seconds and try again... (tryings = 3, bot id = 8422805648)
2026-02-27 01:02:19,777 - aiogram.dispatcher - ERROR - Failed to fetch updates - TelegramNetworkError: HTTP Client says - ClientConnectorDNSError: Cannot connect to host api.telegram.org:443 ssl:default [getaddrinfo failed]
2026-02-27 01:02:19,777 - aiogram.dispatcher - WARNING - Sleep for 2.471913 seconds and try again... (tryings = 4, bot id = 8422805648)
2026-02-27 01:02:22,264 - aiogram.dispatcher - ERROR - Failed to fetch updates - TelegramNetworkError: HTTP Client says - ClientConnectorDNSError: Cannot connect to host api.telegram.org:443 ssl:default [getaddrinfo failed]
2026-02-27 01:02:22,264 - aiogram.dispatcher - WARNING - Sleep for 3.416277 seconds and try again... (tryings = 5, bot id = 8422805648)
2026-02-27 01:02:25,697 - aiogram.dispatcher - ERROR - Failed to fetch updates - TelegramNetworkError: HTTP Client says - ClientConnectorDNSError: Cannot connect to host api.telegram.org:443 ssl:default [getaddrinfo failed]
2026-02-27 01:02:25,698 - aiogram.dispatcher - WARNING - Sleep for 4.561134 seconds and try again... (tryings = 6, bot id = 8422805648)
2026-02-27 11:11:29,159 - aiogram.dispatcher - ERROR - Failed to fetch updates - TelegramNetworkError: HTTP Client says - ClientConnectorDNSError: Cannot connect to host api.telegram.org:443 ssl:default [getaddrinfo failed]
2026-02-27 11:11:29,160 - aiogram.dispatcher - WARNING - Sleep for 4.899293 seconds and try again... (tryings = 7, bot id = 8422805648)
2026-02-27 11:11:34,072 - aiogram.dispatcher - ERROR - Failed to fetch updates - TelegramNetworkError: HTTP Client says - ClientConnectorDNSError: Cannot connect to host api.telegram.org:443 ssl:default [getaddrinfo failed]
2026-02-27 11:11:34,073 - aiogram.dispatcher - WARNING - Sleep for 5.003768 seconds and try again... (tryings = 8, bot id = 8422805648)
2026-02-27 11:54:18,149 - aiogram.dispatcher - ERROR - Failed to fetch updates - TelegramNetworkError: HTTP Client says - ServerDisconnectedError: Server disconnected
2026-02-27 11:54:18,150 - aiogram.dispatcher - WARNING - Sleep for 1.000000 seconds and try again... (tryings = 0, bot id = 8422805648)
2026-02-27 12:34:04,660 - aiogram.dispatcher - ERROR - Failed to fetch updates - TelegramNetworkError: HTTP Client says - ServerDisconnectedError: Server disconnected
2026-02-27 12:34:04,661 - aiogram.dispatcher - WARNING - Sleep for 1.000000 seconds and try again... (tryings = 0, bot id = 8550305983)
2026-02-27 16:14:13,929 - aiogram.dispatcher - ERROR - Failed to fetch updates - TelegramNetworkError: HTTP Client says - Request timeout error
2026-02-27 16:14:13,930 - aiogram.dispatcher - WARNING - Sleep for 1.000000 seconds and try again... (tryings = 0, bot id = 8550305983)
2026-02-27 16:14:14,937 - aiogram.dispatcher - ERROR - Failed to fetch updates - TelegramNetworkError: HTTP Client says - ClientConnectorDNSError: Cannot connect to host api.telegram.org:443 ssl:default [getaddrinfo failed]
2026-02-27 16:14:14,937 - aiogram.dispatcher - WARNING - Sleep for 1.287029 seconds and try again... (tryings = 1, bot id = 8550305983)
2026-02-27 16:14:16,239 - aiogram.dispatcher - ERROR - Failed to fetch updates - TelegramNetworkError: HTTP Client says - ClientConnectorDNSError: Cannot connect to host api.telegram.org:443 ssl:default [getaddrinfo failed]
2026-02-27 16:14:16,239 - aiogram.dispatcher - WARNING - Sleep for 1.616793 seconds and try again... (tryings = 2, bot id = 8550305983)
2026-02-27 16:14:17,871 - aiogram.dispatcher - ERROR - Failed to fetch updates - TelegramNetworkError: HTTP Client says - ClientConnectorDNSError: Cannot connect to host api.telegram.org:443 ssl:default [getaddrinfo failed]
2026-02-27 16:14:17,871 - aiogram.dispatcher - WARNING - Sleep for 2.293663 seconds and try again... (tryings = 3, bot id = 8550305983)
2026-02-27 16:14:20,178 - aiogram.dispatcher - ERROR - Failed to fetch updates - TelegramNetworkError: HTTP Client says - ClientConnectorDNSError: Cannot connect to host api.telegram.org:443 ssl:default [getaddrinfo failed]
2026-02-27 16:14:20,178 - aiogram.dispatcher - WARNING - Sleep for 2.970408 seconds and try again... (tryings = 4, bot id = 8550305983)
2026-02-27 16:14:23,169 - aiogram.dispatcher - ERROR - Failed to fetch updates - TelegramNetworkError: HTTP Client says - ClientConnectorDNSError: Cannot connect to host api.telegram.org:443 ssl:default [getaddrinfo failed]
2026-02-27 16:14:23,170 - aiogram.dispatcher - WARNING - Sleep for 3.936391 seconds and try again... (tryings = 5, bot id = 8550305983)
2026-02-27 16:14:27,113 - aiogram.dispatcher - ERROR - Failed to fetch updates - TelegramNetworkError: HTTP Client says - ClientConnectorDNSError: Cannot connect to host api.telegram.org:443 ssl:default [getaddrinfo failed]
2026-02-27 16:14:27,114 - aiogram.dispatcher - WARNING - Sleep for 5.049210 seconds and try again... (tryings = 6, bot id = 8550305983)
2026-02-27 16:14:32,171 - aiogram.dispatcher - ERROR - Failed to fetch updates - TelegramNetworkError: HTTP Client says - ClientConnectorDNSError: Cannot connect to host api.telegram.org:443 ssl:default [getaddrinfo failed]
2026-02-27 16:14:32,172 - aiogram.dispatcher - WARNING - Sleep for 5.147251 seconds and try again... (tryings = 7, bot id = 8550305983)
2026-02-27 16:14:37,325 - aiogram.dispatcher - ERROR - Failed to fetch updates - TelegramNetworkError: HTTP Client says - ClientConnectorDNSError: Cannot connect to host api.telegram.org:443 ssl:default [getaddrinfo failed]
2026-02-27 16:14:37,325 - aiogram.dispatcher - WARNING - Sleep for 4.989887 seconds and try again... (tryings = 8, bot id = 8550305983)
2026-02-27 16:14:42,329 - aiogram.dispatcher - ERROR - Failed to fetch updates - TelegramNetworkError: HTTP Client says - ClientConnectorDNSError: Cannot connect to host api.telegram.org:443 ssl:default [getaddrinfo failed]
2026-02-27 16:14:42,329 - aiogram.dispatcher - WARNING - Sleep for 4.928630 seconds and try again... (tryings = 9, bot id = 8550305983)
2026-02-27 16:14:47,274 - aiogram.dispatcher - ERROR - Failed to fetch updates - TelegramNetworkError: HTTP Client says - ClientConnectorDNSError: Cannot connect to host api.telegram.org:443 ssl:default [getaddrinfo failed]
2026-02-27 16:14:47,274 - aiogram.dispatcher - WARNING - Sleep for 4.774878 seconds and try again... (tryings = 10, bot id = 8550305983)
2026-02-27 16:14:52,060 - aiogram.dispatcher - ERROR - Failed to fetch updates - TelegramNetworkError: HTTP Client says - ClientConnectorDNSError: Cannot connect to host api.telegram.org:443 ssl:default [getaddrinfo failed]
2026-02-27 16:14:52,060 - aiogram.dispatcher - WARNING - Sleep for 4.893357 seconds and try again... (tryings = 11, bot id = 8550305983)
2026-02-27 16:14:56,960 - aiogram.dispatcher - ERROR - Failed to fetch updates - TelegramNetworkError: HTTP Client says - ClientConnectorDNSError: Cannot connect to host api.telegram.org:443 ssl:default [getaddrinfo failed]
2026-02-27 16:14:56,960 - aiogram.dispatcher - WARNING - Sleep for 4.812359 seconds and try again... (tryings = 12, bot id = 8550305983)
2026-02-27 16:15:01,776 - aiogram.dispatcher - ERROR - Failed to fetch updates - TelegramNetworkError: HTTP Client says - ClientConnectorDNSError: Cannot connect to host api.telegram.org:443 ssl:default [getaddrinfo failed]
2026-02-27 16:15:01,777 - aiogram.dispatcher - WARNING - Sleep for 5.098156 seconds and try again... (tryings = 13, bot id = 8550305983)
2026-02-27 16:15:06,892 - aiogram.dispatcher - ERROR - Failed to fetch updates - TelegramNetworkError: HTTP Client says - ClientConnectorDNSError: Cannot connect to host api.telegram.org:443 ssl:default [getaddrinfo failed]
2026-02-27 16:15:06,892 - aiogram.dispatcher - WARNING - Sleep for 4.971411 seconds and try again... (tryings = 14, bot id = 8550305983)
2026-02-27 16:15:11,871 - aiogram.dispatcher - ERROR - Failed to fetch updates - TelegramNetworkError: HTTP Client says - ClientConnectorDNSError: Cannot connect to host api.telegram.org:443 ssl:default [getaddrinfo failed]
2026-02-27 16:15:11,871 - aiogram.dispatcher - WARNING - Sleep for 5.034006 seconds and try again... (tryings = 15, bot id = 8550305983)
2026-02-27 16:15:16,911 - aiogram.dispatcher - ERROR - Failed to fetch updates - TelegramNetworkError: HTTP Client says - ClientConnectorDNSError: Cannot connect to host api.telegram.org:443 ssl:default [getaddrinfo failed]
2026-02-27 16:15:16,911 - aiogram.dispatcher - WARNING - Sleep for 4.994672 seconds and try again... (tryings = 16, bot id = 8550305983)
2026-02-27 16:15:21,912 - aiogram.dispatcher - ERROR - Failed to fetch updates - TelegramNetworkError: HTTP Client says - ClientConnectorDNSError: Cannot connect to host api.telegram.org:443 ssl:default [getaddrinfo failed]
2026-02-27 16:15:21,912 - aiogram.dispatcher - WARNING - Sleep for 4.943074 seconds and try again... (tryings = 17, bot id = 8550305983)
2026-02-27 16:15:26,868 - aiogram.dispatcher - ERROR - Failed to fetch updates - TelegramNetworkError: HTTP Client says - ClientConnectorDNSError: Cannot connect to host api.telegram.org:443 ssl:default [getaddrinfo failed]
2026-02-27 16:15:26,869 - aiogram.dispatcher - WARNING - Sleep for 5.087467 seconds and try again... (tryings = 18, bot id = 8550305983)
2026-02-27 16:15:31,964 - aiogram.dispatcher - ERROR - Failed to fetch updates - TelegramNetworkError: HTTP Client says - ClientConnectorDNSError: Cannot connect to host api.telegram.org:443 ssl:default [getaddrinfo failed]
2026-02-27 16:15:31,964 - aiogram.dispatcher - WARNING - Sleep for 4.984915 seconds and try again... (tryings = 19, bot id = 8550305983)
2026-02-27 16:15:36,959 - aiogram.dispatcher - ERROR - Failed to fetch updates - TelegramNetworkError: HTTP Client says - ClientConnectorDNSError: Cannot connect to host api.telegram.org:443 ssl:default [getaddrinfo failed]
2026-02-27 16:15:36,959 - aiogram.dispatcher - WARNING - Sleep for 5.044691 seconds and try again... (tryings = 20, bot id = 8550305983)
2026-02-27 16:15:42,007 - aiogram.dispatcher - ERROR - Failed to fetch updates - TelegramNetworkError: HTTP Client says - ClientConnectorDNSError: Cannot connect to host api.telegram.org:443 ssl:default [getaddrinfo failed]
2026-02-27 16:15:42,008 - aiogram.dispatcher - WARNING - Sleep for 4.954338 seconds and try again... (tryings = 21, bot id = 8550305983)
2026-02-27 16:15:46,976 - aiogram.dispatcher - ERROR - Failed to fetch updates - TelegramNetworkError: HTTP Client says - ClientConnectorDNSError: Cannot connect to host api.telegram.org:443 ssl:default [getaddrinfo failed]
2026-02-27 16:15:46,976 - aiogram.dispatcher - WARNING - Sleep for 5.104851 seconds and try again... (tryings = 22, bot id = 8550305983)
2026-02-27 16:16:45,084 - asyncio - ERROR - Unclosed client session
client_session: <aiohttp.client.ClientSession object at 0x000002768B8D7690>
2026-02-27 16:17:28,651 - asyncio - ERROR - Unclosed client session
client_session: <aiohttp.client.ClientSession object at 0x000001E4407A4550>
2026-02-27 16:20:37,536 - asyncio - ERROR - Unclosed client session
client_session: <aiohttp.client.ClientSession object at 0x00000182797C73D0>
2026-02-27 16:21:26,149 - __main__ - WARNING - Tarmoq xatoligi tufayli bot tavsifi o'rnatilmadi: HTTP Client says - ClientConnectorError: Cannot connect to host api.telegram.org:443 ssl:default [Превышен таймаут семафора]
2026-02-27 16:21:47,645 - asyncio - ERROR - Unclosed client session
client_session: <aiohttp.client.ClientSession object at 0x0000025D5BE453D0>
2026-02-27 16:24:16,375 - __main__ - WARNING - Tarmoq xatoligi tufayli bot tavsifi o'rnatilmadi: HTTP Client says - ClientConnectorError: Cannot connect to host api.telegram.org:443 ssl:default [Превышен таймаут семафора]
2026-02-27 16:24:37,720 - asyncio - ERROR - Unclosed client session
client_session: <aiohttp.client.ClientSession object at 0x000001F4F33D7510>
2026-02-27 16:25:41,252 - __main__ - WARNING - Tarmoq xatoligi tufayli bot tavsifi o'rnatilmadi: HTTP Client says - ClientConnectorError: Cannot connect to host api.telegram.org:443 ssl:default [Превышен таймаут семафора]
2026-02-27 16:26:02,568 - asyncio - ERROR - Unclosed client session
client_session: <aiohttp.client.ClientSession object at 0x0000029640576B10>
2026-02-27 16:35:01,497 - __main__ - WARNING - Tarmoq xatoligi tufayli bot tavsifi o'rnatilmadi: HTTP Client says - ClientConnectorError: Cannot connect to host api.telegram.org:443 ssl:default [Превышен таймаут семафора]
2026-02-27 16:39:26,487 - aiogram.event - ERROR - Cause exception while process update id=979516466 by bot id=8550305983
TelegramNetworkError: HTTP Client says - ClientConnectorError: Cannot connect to host api.telegram.org:443 ssl:default [Превышен таймаут семафора]
Traceback (most recent call last):
  File "C:\Users\KAYSZU\AppData\Local\Programs\Python\Python311\Lib\site-packages\aiohttp\connector.py", line 1298, in _wrap_create_connection
    sock = await aiohappyeyeballs.start_connection(
           ^^^^^^^^^^^^^^^^^^^^^^^^^^^^^^^^^^^^^^^^
  File "C:\Users\KAYSZU\AppData\Local\Programs\Python\Python311\Lib\site-packages\aiohappyeyeballs\impl.py", line 122, in start_connection
    raise first_exception
  File "C:\Users\KAYSZU\AppData\Local\Programs\Python\Python311\Lib\site-packages\aiohappyeyeballs\impl.py", line 73, in start_connection
    sock = await _connect_sock(
           ^^^^^^^^^^^^^^^^^^^^
  File "C:\Users\KAYSZU\AppData\Local\Programs\Python\Python311\Lib\site-packages\aiohappyeyeballs\impl.py", line 208, in _connect_sock
    await loop.sock_connect(sock, address)
  File "C:\Users\KAYSZU\AppData\Local\Programs\Python\Python311\Lib\asyncio\proactor_events.py", line 726, in sock_connect
    return await self._proactor.connect(sock, address)
           ^^^^^^^^^^^^^^^^^^^^^^^^^^^^^^^^^^^^^^^^^^^
  File "C:\Users\KAYSZU\AppData\Local\Programs\Python\Python311\Lib\asyncio\windows_events.py", line 846, in _poll
    value = callback(transferred, key, ov)
            ^^^^^^^^^^^^^^^^^^^^^^^^^^^^^^
  File "C:\Users\KAYSZU\AppData\Local\Programs\Python\Python311\Lib\asyncio\windows_events.py", line 633, in finish_connect
    ov.getresult()
OSError: [WinError 121] Превышен таймаут семафора

The above exception was the direct cause of the following exception:

Traceback (most recent call last):
  File "C:\Users\KAYSZU\AppData\Local\Programs\Python\Python311\Lib\site-packages\aiogram\client\session\aiohttp.py", line 167, in make_request
    async with session.post(
  File "C:\Users\KAYSZU\AppData\Local\Programs\Python\Python311\Lib\site-packages\aiohttp\client.py", line 1510, in __aenter__
    self._resp: _RetType = await self._coro
                           ^^^^^^^^^^^^^^^^
  File "C:\Users\KAYSZU\AppData\Local\Programs\Python\Python311\Lib\site-packages\aiohttp\client.py", line 779, in _request
    resp = await handler(req)
           ^^^^^^^^^^^^^^^^^^
  File "C:\Users\KAYSZU\AppData\Local\Programs\Python\Python311\Lib\site-packages\aiohttp\client.py", line 734, in _connect_and_send_request
    conn = await self._connector.connect(
           ^^^^^^^^^^^^^^^^^^^^^^^^^^^^^^
  File "C:\Users\KAYSZU\AppData\Local\Programs\Python\Python311\Lib\site-packages\aiohttp\connector.py", line 672, in connect
    proto = await self._create_connection(req, traces, timeout)
            ^^^^^^^^^^^^^^^^^^^^^^^^^^^^^^^^^^^^^^^^^^^^^^^^^^^
  File "C:\Users\KAYSZU\AppData\Local\Programs\Python\Python311\Lib\site-packages\aiohttp\connector.py", line 1239, in _create_connection
    _, proto = await self._create_direct_connection(req, traces, timeout)
               ^^^^^^^^^^^^^^^^^^^^^^^^^^^^^^^^^^^^^^^^^^^^^^^^^^^^^^^^^^
  File "C:\Users\KAYSZU\AppData\Local\Programs\Python\Python311\Lib\site-packages\aiohttp\connector.py", line 1611, in _create_direct_connection
    raise last_exc
  File "C:\Users\KAYSZU\AppData\Local\Programs\Python\Python311\Lib\site-packages\aiohttp\connector.py", line 1580, in _create_direct_connection
    transp, proto = await self._wrap_create_connection(
                    ^^^^^^^^^^^^^^^^^^^^^^^^^^^^^^^^^^^
  File "C:\Users\KAYSZU\AppData\Local\Programs\Python\Python311\Lib\site-packages\aiohttp\connector.py", line 1321, in _wrap_create_connection
    raise client_error(req.connection_key, exc) from exc
aiohttp.client_exceptions.ClientConnectorError: Cannot connect to host api.telegram.org:443 ssl:default [Превышен таймаут семафора]

The above exception was the direct cause of the following exception:

Traceback (most recent call last):
  File "C:\Users\KAYSZU\AppData\Local\Programs\Python\Python311\Lib\site-packages\aiogram\dispatcher\dispatcher.py", line 320, in _process_update
    response = await self.feed_update(bot, update, **kwargs)
               ^^^^^^^^^^^^^^^^^^^^^^^^^^^^^^^^^^^^^^^^^^^^^
  File "C:\Users\KAYSZU\AppData\Local\Programs\Python\Python311\Lib\site-packages\aiogram\dispatcher\dispatcher.py", line 164, in feed_update
    response = await self.update.wrap_outer_middleware(
               ^^^^^^^^^^^^^^^^^^^^^^^^^^^^^^^^^^^^^^^^
  File "C:\Users\KAYSZU\AppData\Local\Programs\Python\Python311\Lib\site-packages\aiogram\dispatcher\middlewares\error.py", line 27, in __call__
    return await handler(event, data)
           ^^^^^^^^^^^^^^^^^^^^^^^^^^
  File "C:\Users\KAYSZU\AppData\Local\Programs\Python\Python311\Lib\site-packages\aiogram\dispatcher\middlewares\user_context.py", line 58, in __call__
    return await handler(event, data)
           ^^^^^^^^^^^^^^^^^^^^^^^^^^
  File "C:\Users\KAYSZU\AppData\Local\Programs\Python\Python311\Lib\site-packages\aiogram\fsm\middleware.py", line 43, in __call__
    return await handler(event, data)
           ^^^^^^^^^^^^^^^^^^^^^^^^^^
  File "C:\Users\KAYSZU\AppData\Local\Programs\Python\Python311\Lib\site-packages\aiogram\dispatcher\event\telegram.py", line 126, in trigger
    return await wrapped_inner(event, kwargs)
           ^^^^^^^^^^^^^^^^^^^^^^^^^^^^^^^^^^
  File "C:\Users\KAYSZU\AppData\Local\Programs\Python\Python311\Lib\site-packages\aiogram\dispatcher\event\handler.py", line 71, in call
    return await wrapped()
           ^^^^^^^^^^^^^^^
  File "C:\Users\KAYSZU\AppData\Local\Programs\Python\Python311\Lib\site-packages\aiogram\dispatcher\dispatcher.py", line 283, in _listen_update
    return await self.propagate_event(update_type=update_type, event=event, **kwargs)
           ^^^^^^^^^^^^^^^^^^^^^^^^^^^^^^^^^^^^^^^^^^^^^^^^^^^^^^^^^^^^^^^^^^^^^^^^^^
  File "C:\Users\KAYSZU\AppData\Local\Programs\Python\Python311\Lib\site-packages\aiogram\dispatcher\router.py", line 161, in propagate_event
    return await observer.wrap_outer_middleware(_wrapped, event=event, data=kwargs)
           ^^^^^^^^^^^^^^^^^^^^^^^^^^^^^^^^^^^^^^^^^^^^^^^^^^^^^^^^^^^^^^^^^^^^^^^^
  File "C:\Users\KAYSZU\AppData\Local\Programs\Python\Python311\Lib\site-packages\aiogram\dispatcher\router.py", line 153, in _wrapped
    return await self._propagate_event(
           ^^^^^^^^^^^^^^^^^^^^^^^^^^^^
  File "C:\Users\KAYSZU\AppData\Local\Programs\Python\Python311\Lib\site-packages\aiogram\dispatcher\router.py", line 189, in _propagate_event
    response = await router.propagate_event(update_type=update_type, event=event, **kwargs)
               ^^^^^^^^^^^^^^^^^^^^^^^^^^^^^^^^^^^^^^^^^^^^^^^^^^^^^^^^^^^^^^^^^^^^^^^^^^^^
  File "C:\Users\KAYSZU\AppData\Local\Programs\Python\Python311\Lib\site-packages\aiogram\dispatcher\router.py", line 161, in propagate_event
    return await observer.wrap_outer_middleware(_wrapped, event=event, data=kwargs)
           ^^^^^^^^^^^^^^^^^^^^^^^^^^^^^^^^^^^^^^^^^^^^^^^^^^^^^^^^^^^^^^^^^^^^^^^^
  File "C:\Users\KAYSZU\AppData\Local\Programs\Python\Python311\Lib\site-packages\aiogram\dispatcher\router.py", line 153, in _wrapped
    return await self._propagate_event(
           ^^^^^^^^^^^^^^^^^^^^^^^^^^^^
  File "C:\Users\KAYSZU\AppData\Local\Programs\Python\Python311\Lib\site-packages\aiogram\dispatcher\router.py", line 181, in _propagate_event
    response = await observer.trigger(event, **kwargs)
               ^^^^^^^^^^^^^^^^^^^^^^^^^^^^^^^^^^^^^^^
  File "C:\Users\KAYSZU\AppData\Local\Programs\Python\Python311\Lib\site-packages\aiogram\dispatcher\event\telegram.py", line 126, in trigger
    return await wrapped_inner(event, kwargs)
           ^^^^^^^^^^^^^^^^^^^^^^^^^^^^^^^^^^
  File "C:\Users\KAYSZU\Desktop\Yoshlar_Agentligi\middlewares.py", line 83, in __call__
    return await handler(event, data)
           ^^^^^^^^^^^^^^^^^^^^^^^^^^
  File "C:\Users\KAYSZU\Desktop\Yoshlar_Agentligi\middlewares.py", line 47, in __call__
    return await handler(event, data)
           ^^^^^^^^^^^^^^^^^^^^^^^^^^
  File "C:\Users\KAYSZU\Desktop\Yoshlar_Agentligi\middlewares.py", line 108, in __call__
    return await handler(event, data)
           ^^^^^^^^^^^^^^^^^^^^^^^^^^
  File "C:\Users\KAYSZU\Desktop\Yoshlar_Agentligi\main.py", line 103, in db_session_middleware
    return await handler(event, data)
           ^^^^^^^^^^^^^^^^^^^^^^^^^^
  File "C:\Users\KAYSZU\AppData\Local\Programs\Python\Python311\Lib\site-packages\aiogram\dispatcher\event\handler.py", line 71, in call
    return await wrapped()
           ^^^^^^^^^^^^^^^
  File "C:\Users\KAYSZU\Desktop\Yoshlar_Agentligi\start.py", line 39, in cmd_start
    await message.answer(
  File "C:\Users\KAYSZU\AppData\Local\Programs\Python\Python311\Lib\site-packages\aiogram\methods\base.py", line 82, in emit
    return await bot(self)
           ^^^^^^^^^^^^^^^
  File "C:\Users\KAYSZU\AppData\Local\Programs\Python\Python311\Lib\site-packages\aiogram\client\bot.py", line 487, in __call__
    return await self.session(self, method, timeout=request_timeout)
           ^^^^^^^^^^^^^^^^^^^^^^^^^^^^^^^^^^^^^^^^^^^^^^^^^^^^^^^^^
  File "C:\Users\KAYSZU\AppData\Local\Programs\Python\Python311\Lib\site-packages\aiogram\client\session\base.py", line 259, in __call__
    return cast(TelegramType, await middleware(bot, method))
                              ^^^^^^^^^^^^^^^^^^^^^^^^^^^^^
  File "C:\Users\KAYSZU\AppData\Local\Programs\Python\Python311\Lib\site-packages\aiogram\client\session\aiohttp.py", line 176, in make_request
    raise TelegramNetworkError(method=method, message=f"{type(e).__name__}: {e}") from e
aiogram.exceptions.TelegramNetworkError: HTTP Client says - ClientConnectorError: Cannot connect to host api.telegram.org:443 ssl:default [Превышен таймаут семафора]
2026-02-27 16:39:29,525 - aiogram.event - ERROR - Cause exception while process update id=979516467 by bot id=8550305983
TelegramNetworkError: HTTP Client says - ClientConnectorError: Cannot connect to host api.telegram.org:443 ssl:default [Превышен таймаут семафора]
Traceback (most recent call last):
  File "C:\Users\KAYSZU\AppData\Local\Programs\Python\Python311\Lib\site-packages\aiohttp\connector.py", line 1298, in _wrap_create_connection
    sock = await aiohappyeyeballs.start_connection(
           ^^^^^^^^^^^^^^^^^^^^^^^^^^^^^^^^^^^^^^^^
  File "C:\Users\KAYSZU\AppData\Local\Programs\Python\Python311\Lib\site-packages\aiohappyeyeballs\impl.py", line 122, in start_connection
    raise first_exception
  File "C:\Users\KAYSZU\AppData\Local\Programs\Python\Python311\Lib\site-packages\aiohappyeyeballs\impl.py", line 73, in start_connection
    sock = await _connect_sock(
           ^^^^^^^^^^^^^^^^^^^^
  File "C:\Users\KAYSZU\AppData\Local\Programs\Python\Python311\Lib\site-packages\aiohappyeyeballs\impl.py", line 208, in _connect_sock
    await loop.sock_connect(sock, address)
  File "C:\Users\KAYSZU\AppData\Local\Programs\Python\Python311\Lib\asyncio\proactor_events.py", line 726, in sock_connect
    return await self._proactor.connect(sock, address)
           ^^^^^^^^^^^^^^^^^^^^^^^^^^^^^^^^^^^^^^^^^^^
  File "C:\Users\KAYSZU\AppData\Local\Programs\Python\Python311\Lib\asyncio\windows_events.py", line 846, in _poll
    value = callback(transferred, key, ov)
            ^^^^^^^^^^^^^^^^^^^^^^^^^^^^^^
  File "C:\Users\KAYSZU\AppData\Local\Programs\Python\Python311\Lib\asyncio\windows_events.py", line 633, in finish_connect
    ov.getresult()
OSError: [WinError 121] Превышен таймаут семафора

The above exception was the direct cause of the following exception:

Traceback (most recent call last):
  File "C:\Users\KAYSZU\AppData\Local\Programs\Python\Python311\Lib\site-packages\aiogram\client\session\aiohttp.py", line 167, in make_request
    async with session.post(
  File "C:\Users\KAYSZU\AppData\Local\Programs\Python\Python311\Lib\site-packages\aiohttp\client.py", line 1510, in __aenter__
    self._resp: _RetType = await self._coro
                           ^^^^^^^^^^^^^^^^
  File "C:\Users\KAYSZU\AppData\Local\Programs\Python\Python311\Lib\site-packages\aiohttp\client.py", line 779, in _request
    resp = await handler(req)
           ^^^^^^^^^^^^^^^^^^
  File "C:\Users\KAYSZU\AppData\Local\Programs\Python\Python311\Lib\site-packages\aiohttp\client.py", line 734, in _connect_and_send_request
    conn = await self._connector.connect(
           ^^^^^^^^^^^^^^^^^^^^^^^^^^^^^^
  File "C:\Users\KAYSZU\AppData\Local\Programs\Python\Python311\Lib\site-packages\aiohttp\connector.py", line 672, in connect
    proto = await self._create_connection(req, traces, timeout)
            ^^^^^^^^^^^^^^^^^^^^^^^^^^^^^^^^^^^^^^^^^^^^^^^^^^^
  File "C:\Users\KAYSZU\AppData\Local\Programs\Python\Python311\Lib\site-packages\aiohttp\connector.py", line 1239, in _create_connection
    _, proto = await self._create_direct_connection(req, traces, timeout)
               ^^^^^^^^^^^^^^^^^^^^^^^^^^^^^^^^^^^^^^^^^^^^^^^^^^^^^^^^^^
  File "C:\Users\KAYSZU\AppData\Local\Programs\Python\Python311\Lib\site-packages\aiohttp\connector.py", line 1611, in _create_direct_connection
    raise last_exc
  File "C:\Users\KAYSZU\AppData\Local\Programs\Python\Python311\Lib\site-packages\aiohttp\connector.py", line 1580, in _create_direct_connection
    transp, proto = await self._wrap_create_connection(
                    ^^^^^^^^^^^^^^^^^^^^^^^^^^^^^^^^^^^
  File "C:\Users\KAYSZU\AppData\Local\Programs\Python\Python311\Lib\site-packages\aiohttp\connector.py", line 1321, in _wrap_create_connection
    raise client_error(req.connection_key, exc) from exc
aiohttp.client_exceptions.ClientConnectorError: Cannot connect to host api.telegram.org:443 ssl:default [Превышен таймаут семафора]

The above exception was the direct cause of the following exception:

Traceback (most recent call last):
  File "C:\Users\KAYSZU\AppData\Local\Programs\Python\Python311\Lib\site-packages\aiogram\dispatcher\dispatcher.py", line 320, in _process_update
    response = await self.feed_update(bot, update, **kwargs)
               ^^^^^^^^^^^^^^^^^^^^^^^^^^^^^^^^^^^^^^^^^^^^^
  File "C:\Users\KAYSZU\AppData\Local\Programs\Python\Python311\Lib\site-packages\aiogram\dispatcher\dispatcher.py", line 164, in feed_update
    response = await self.update.wrap_outer_middleware(
               ^^^^^^^^^^^^^^^^^^^^^^^^^^^^^^^^^^^^^^^^
  File "C:\Users\KAYSZU\AppData\Local\Programs\Python\Python311\Lib\site-packages\aiogram\dispatcher\middlewares\error.py", line 27, in __call__
    return await handler(event, data)
           ^^^^^^^^^^^^^^^^^^^^^^^^^^
  File "C:\Users\KAYSZU\AppData\Local\Programs\Python\Python311\Lib\site-packages\aiogram\dispatcher\middlewares\user_context.py", line 58, in __call__
    return await handler(event, data)
           ^^^^^^^^^^^^^^^^^^^^^^^^^^
  File "C:\Users\KAYSZU\AppData\Local\Programs\Python\Python311\Lib\site-packages\aiogram\fsm\middleware.py", line 43, in __call__
    return await handler(event, data)
           ^^^^^^^^^^^^^^^^^^^^^^^^^^
  File "C:\Users\KAYSZU\AppData\Local\Programs\Python\Python311\Lib\site-packages\aiogram\dispatcher\event\telegram.py", line 126, in trigger
    return await wrapped_inner(event, kwargs)
           ^^^^^^^^^^^^^^^^^^^^^^^^^^^^^^^^^^
  File "C:\Users\KAYSZU\AppData\Local\Programs\Python\Python311\Lib\site-packages\aiogram\dispatcher\event\handler.py", line 71, in call
    return await wrapped()
           ^^^^^^^^^^^^^^^
  File "C:\Users\KAYSZU\AppData\Local\Programs\Python\Python311\Lib\site-packages\aiogram\dispatcher\dispatcher.py", line 283, in _listen_update
    return await self.propagate_event(update_type=update_type, event=event, **kwargs)
           ^^^^^^^^^^^^^^^^^^^^^^^^^^^^^^^^^^^^^^^^^^^^^^^^^^^^^^^^^^^^^^^^^^^^^^^^^^
  File "C:\Users\KAYSZU\AppData\Local\Programs\Python\Python311\Lib\site-packages\aiogram\dispatcher\router.py", line 161, in propagate_event
    return await observer.wrap_outer_middleware(_wrapped, event=event, data=kwargs)
           ^^^^^^^^^^^^^^^^^^^^^^^^^^^^^^^^^^^^^^^^^^^^^^^^^^^^^^^^^^^^^^^^^^^^^^^^
  File "C:\Users\KAYSZU\AppData\Local\Programs\Python\Python311\Lib\site-packages\aiogram\dispatcher\router.py", line 153, in _wrapped
    return await self._propagate_event(
           ^^^^^^^^^^^^^^^^^^^^^^^^^^^^
  File "C:\Users\KAYSZU\AppData\Local\Programs\Python\Python311\Lib\site-packages\aiogram\dispatcher\router.py", line 189, in _propagate_event
    response = await router.propagate_event(update_type=update_type, event=event, **kwargs)
               ^^^^^^^^^^^^^^^^^^^^^^^^^^^^^^^^^^^^^^^^^^^^^^^^^^^^^^^^^^^^^^^^^^^^^^^^^^^^
  File "C:\Users\KAYSZU\AppData\Local\Programs\Python\Python311\Lib\site-packages\aiogram\dispatcher\router.py", line 161, in propagate_event
    return await observer.wrap_outer_middleware(_wrapped, event=event, data=kwargs)
           ^^^^^^^^^^^^^^^^^^^^^^^^^^^^^^^^^^^^^^^^^^^^^^^^^^^^^^^^^^^^^^^^^^^^^^^^
  File "C:\Users\KAYSZU\AppData\Local\Programs\Python\Python311\Lib\site-packages\aiogram\dispatcher\router.py", line 153, in _wrapped
    return await self._propagate_event(
           ^^^^^^^^^^^^^^^^^^^^^^^^^^^^
  File "C:\Users\KAYSZU\AppData\Local\Programs\Python\Python311\Lib\site-packages\aiogram\dispatcher\router.py", line 181, in _propagate_event
    response = await observer.trigger(event, **kwargs)
               ^^^^^^^^^^^^^^^^^^^^^^^^^^^^^^^^^^^^^^^
  File "C:\Users\KAYSZU\AppData\Local\Programs\Python\Python311\Lib\site-packages\aiogram\dispatcher\event\telegram.py", line 126, in trigger
    return await wrapped_inner(event, kwargs)
           ^^^^^^^^^^^^^^^^^^^^^^^^^^^^^^^^^^
  File "C:\Users\KAYSZU\Desktop\Yoshlar_Agentligi\middlewares.py", line 83, in __call__
    return await handler(event, data)
           ^^^^^^^^^^^^^^^^^^^^^^^^^^
  File "C:\Users\KAYSZU\Desktop\Yoshlar_Agentligi\middlewares.py", line 47, in __call__
    return await handler(event, data)
           ^^^^^^^^^^^^^^^^^^^^^^^^^^
  File "C:\Users\KAYSZU\Desktop\Yoshlar_Agentligi\middlewares.py", line 108, in __call__
    return await handler(event, data)
           ^^^^^^^^^^^^^^^^^^^^^^^^^^
  File "C:\Users\KAYSZU\Desktop\Yoshlar_Agentligi\main.py", line 103, in db_session_middleware
    return await handler(event, data)
           ^^^^^^^^^^^^^^^^^^^^^^^^^^
  File "C:\Users\KAYSZU\AppData\Local\Programs\Python\Python311\Lib\site-packages\aiogram\dispatcher\event\handler.py", line 71, in call
    return await wrapped()
           ^^^^^^^^^^^^^^^
  File "C:\Users\KAYSZU\Desktop\Yoshlar_Agentligi\start.py", line 39, in cmd_start
    await message.answer(
  File "C:\Users\KAYSZU\AppData\Local\Programs\Python\Python311\Lib\site-packages\aiogram\methods\base.py", line 82, in emit
    return await bot(self)
           ^^^^^^^^^^^^^^^
  File "C:\Users\KAYSZU\AppData\Local\Programs\Python\Python311\Lib\site-packages\aiogram\client\bot.py", line 487, in __call__
    return await self.session(self, method, timeout=request_timeout)
           ^^^^^^^^^^^^^^^^^^^^^^^^^^^^^^^^^^^^^^^^^^^^^^^^^^^^^^^^^
  File "C:\Users\KAYSZU\AppData\Local\Programs\Python\Python311\Lib\site-packages\aiogram\client\session\base.py", line 259, in __call__
    return cast(TelegramType, await middleware(bot, method))
                              ^^^^^^^^^^^^^^^^^^^^^^^^^^^^^
  File "C:\Users\KAYSZU\AppData\Local\Programs\Python\Python311\Lib\site-packages\aiogram\client\session\aiohttp.py", line 176, in make_request
    raise TelegramNetworkError(method=method, message=f"{type(e).__name__}: {e}") from e
aiogram.exceptions.TelegramNetworkError: HTTP Client says - ClientConnectorError: Cannot connect to host api.telegram.org:443 ssl:default [Превышен таймаут семафора]
2026-02-27 16:41:59,843 - aiogram.dispatcher - ERROR - Failed to fetch updates - TelegramNetworkError: HTTP Client says - ServerDisconnectedError: Server disconnected
2026-02-27 16:41:59,844 - aiogram.dispatcher - WARNING - Sleep for 1.000000 seconds and try again... (tryings = 0, bot id = 8550305983)
2026-02-27 16:42:35,534 - aiogram.event - ERROR - Cause exception while process update id=979516468 by bot id=8550305983
TelegramNetworkError: HTTP Client says - ClientConnectorError: Cannot connect to host api.telegram.org:443 ssl:default [Превышен таймаут семафора]
Traceback (most recent call last):
  File "C:\Users\KAYSZU\AppData\Local\Programs\Python\Python311\Lib\site-packages\aiohttp\connector.py", line 1298, in _wrap_create_connection
    sock = await aiohappyeyeballs.start_connection(
           ^^^^^^^^^^^^^^^^^^^^^^^^^^^^^^^^^^^^^^^^
  File "C:\Users\KAYSZU\AppData\Local\Programs\Python\Python311\Lib\site-packages\aiohappyeyeballs\impl.py", line 122, in start_connection
    raise first_exception
  File "C:\Users\KAYSZU\AppData\Local\Programs\Python\Python311\Lib\site-packages\aiohappyeyeballs\impl.py", line 73, in start_connection
    sock = await _connect_sock(
           ^^^^^^^^^^^^^^^^^^^^
  File "C:\Users\KAYSZU\AppData\Local\Programs\Python\Python311\Lib\site-packages\aiohappyeyeballs\impl.py", line 208, in _connect_sock
    await loop.sock_connect(sock, address)
  File "C:\Users\KAYSZU\AppData\Local\Programs\Python\Python311\Lib\asyncio\proactor_events.py", line 726, in sock_connect
    return await self._proactor.connect(sock, address)
           ^^^^^^^^^^^^^^^^^^^^^^^^^^^^^^^^^^^^^^^^^^^
  File "C:\Users\KAYSZU\AppData\Local\Programs\Python\Python311\Lib\asyncio\windows_events.py", line 846, in _poll
    value = callback(transferred, key, ov)
            ^^^^^^^^^^^^^^^^^^^^^^^^^^^^^^
  File "C:\Users\KAYSZU\AppData\Local\Programs\Python\Python311\Lib\asyncio\windows_events.py", line 633, in finish_connect
    ov.getresult()
OSError: [WinError 121] Превышен таймаут семафора

The above exception was the direct cause of the following exception:

Traceback (most recent call last):
  File "C:\Users\KAYSZU\AppData\Local\Programs\Python\Python311\Lib\site-packages\aiogram\client\session\aiohttp.py", line 167, in make_request
    async with session.post(
  File "C:\Users\KAYSZU\AppData\Local\Programs\Python\Python311\Lib\site-packages\aiohttp\client.py", line 1510, in __aenter__
    self._resp: _RetType = await self._coro
                           ^^^^^^^^^^^^^^^^
  File "C:\Users\KAYSZU\AppData\Local\Programs\Python\Python311\Lib\site-packages\aiohttp\client.py", line 779, in _request
    resp = await handler(req)
           ^^^^^^^^^^^^^^^^^^
  File "C:\Users\KAYSZU\AppData\Local\Programs\Python\Python311\Lib\site-packages\aiohttp\client.py", line 734, in _connect_and_send_request
    conn = await self._connector.connect(
           ^^^^^^^^^^^^^^^^^^^^^^^^^^^^^^
  File "C:\Users\KAYSZU\AppData\Local\Programs\Python\Python311\Lib\site-packages\aiohttp\connector.py", line 672, in connect
    proto = await self._create_connection(req, traces, timeout)
            ^^^^^^^^^^^^^^^^^^^^^^^^^^^^^^^^^^^^^^^^^^^^^^^^^^^
  File "C:\Users\KAYSZU\AppData\Local\Programs\Python\Python311\Lib\site-packages\aiohttp\connector.py", line 1239, in _create_connection
    _, proto = await self._create_direct_connection(req, traces, timeout)
               ^^^^^^^^^^^^^^^^^^^^^^^^^^^^^^^^^^^^^^^^^^^^^^^^^^^^^^^^^^
  File "C:\Users\KAYSZU\AppData\Local\Programs\Python\Python311\Lib\site-packages\aiohttp\connector.py", line 1611, in _create_direct_connection
    raise last_exc
  File "C:\Users\KAYSZU\AppData\Local\Programs\Python\Python311\Lib\site-packages\aiohttp\connector.py", line 1580, in _create_direct_connection
    transp, proto = await self._wrap_create_connection(
                    ^^^^^^^^^^^^^^^^^^^^^^^^^^^^^^^^^^^
  File "C:\Users\KAYSZU\AppData\Local\Programs\Python\Python311\Lib\site-packages\aiohttp\connector.py", line 1321, in _wrap_create_connection
    raise client_error(req.connection_key, exc) from exc
aiohttp.client_exceptions.ClientConnectorError: Cannot connect to host api.telegram.org:443 ssl:default [Превышен таймаут семафора]

The above exception was the direct cause of the following exception:

Traceback (most recent call last):
  File "C:\Users\KAYSZU\AppData\Local\Programs\Python\Python311\Lib\site-packages\aiogram\dispatcher\dispatcher.py", line 320, in _process_update
    response = await self.feed_update(bot, update, **kwargs)
               ^^^^^^^^^^^^^^^^^^^^^^^^^^^^^^^^^^^^^^^^^^^^^
  File "C:\Users\KAYSZU\AppData\Local\Programs\Python\Python311\Lib\site-packages\aiogram\dispatcher\dispatcher.py", line 164, in feed_update
    response = await self.update.wrap_outer_middleware(
               ^^^^^^^^^^^^^^^^^^^^^^^^^^^^^^^^^^^^^^^^
  File "C:\Users\KAYSZU\AppData\Local\Programs\Python\Python311\Lib\site-packages\aiogram\dispatcher\middlewares\error.py", line 27, in __call__
    return await handler(event, data)
           ^^^^^^^^^^^^^^^^^^^^^^^^^^
  File "C:\Users\KAYSZU\AppData\Local\Programs\Python\Python311\Lib\site-packages\aiogram\dispatcher\middlewares\user_context.py", line 58, in __call__
    return await handler(event, data)
           ^^^^^^^^^^^^^^^^^^^^^^^^^^
  File "C:\Users\KAYSZU\AppData\Local\Programs\Python\Python311\Lib\site-packages\aiogram\fsm\middleware.py", line 43, in __call__
    return await handler(event, data)
           ^^^^^^^^^^^^^^^^^^^^^^^^^^
  File "C:\Users\KAYSZU\AppData\Local\Programs\Python\Python311\Lib\site-packages\aiogram\dispatcher\event\telegram.py", line 126, in trigger
    return await wrapped_inner(event, kwargs)
           ^^^^^^^^^^^^^^^^^^^^^^^^^^^^^^^^^^
  File "C:\Users\KAYSZU\AppData\Local\Programs\Python\Python311\Lib\site-packages\aiogram\dispatcher\event\handler.py", line 71, in call
    return await wrapped()
           ^^^^^^^^^^^^^^^
  File "C:\Users\KAYSZU\AppData\Local\Programs\Python\Python311\Lib\site-packages\aiogram\dispatcher\dispatcher.py", line 283, in _listen_update
    return await self.propagate_event(update_type=update_type, event=event, **kwargs)
           ^^^^^^^^^^^^^^^^^^^^^^^^^^^^^^^^^^^^^^^^^^^^^^^^^^^^^^^^^^^^^^^^^^^^^^^^^^
  File "C:\Users\KAYSZU\AppData\Local\Programs\Python\Python311\Lib\site-packages\aiogram\dispatcher\router.py", line 161, in propagate_event
    return await observer.wrap_outer_middleware(_wrapped, event=event, data=kwargs)
           ^^^^^^^^^^^^^^^^^^^^^^^^^^^^^^^^^^^^^^^^^^^^^^^^^^^^^^^^^^^^^^^^^^^^^^^^
  File "C:\Users\KAYSZU\AppData\Local\Programs\Python\Python311\Lib\site-packages\aiogram\dispatcher\router.py", line 153, in _wrapped
    return await self._propagate_event(
           ^^^^^^^^^^^^^^^^^^^^^^^^^^^^
  File "C:\Users\KAYSZU\AppData\Local\Programs\Python\Python311\Lib\site-packages\aiogram\dispatcher\router.py", line 189, in _propagate_event
    response = await router.propagate_event(update_type=update_type, event=event, **kwargs)
               ^^^^^^^^^^^^^^^^^^^^^^^^^^^^^^^^^^^^^^^^^^^^^^^^^^^^^^^^^^^^^^^^^^^^^^^^^^^^
  File "C:\Users\KAYSZU\AppData\Local\Programs\Python\Python311\Lib\site-packages\aiogram\dispatcher\router.py", line 161, in propagate_event
    return await observer.wrap_outer_middleware(_wrapped, event=event, data=kwargs)
           ^^^^^^^^^^^^^^^^^^^^^^^^^^^^^^^^^^^^^^^^^^^^^^^^^^^^^^^^^^^^^^^^^^^^^^^^
  File "C:\Users\KAYSZU\AppData\Local\Programs\Python\Python311\Lib\site-packages\aiogram\dispatcher\router.py", line 153, in _wrapped
    return await self._propagate_event(
           ^^^^^^^^^^^^^^^^^^^^^^^^^^^^
  File "C:\Users\KAYSZU\AppData\Local\Programs\Python\Python311\Lib\site-packages\aiogram\dispatcher\router.py", line 181, in _propagate_event
    response = await observer.trigger(event, **kwargs)
               ^^^^^^^^^^^^^^^^^^^^^^^^^^^^^^^^^^^^^^^
  File "C:\Users\KAYSZU\AppData\Local\Programs\Python\Python311\Lib\site-packages\aiogram\dispatcher\event\telegram.py", line 126, in trigger
    return await wrapped_inner(event, kwargs)
           ^^^^^^^^^^^^^^^^^^^^^^^^^^^^^^^^^^
  File "C:\Users\KAYSZU\Desktop\Yoshlar_Agentligi\middlewares.py", line 83, in __call__
    return await handler(event, data)
           ^^^^^^^^^^^^^^^^^^^^^^^^^^
  File "C:\Users\KAYSZU\Desktop\Yoshlar_Agentligi\middlewares.py", line 47, in __call__
    return await handler(event, data)
           ^^^^^^^^^^^^^^^^^^^^^^^^^^
  File "C:\Users\KAYSZU\Desktop\Yoshlar_Agentligi\middlewares.py", line 108, in __call__
    return await handler(event, data)
           ^^^^^^^^^^^^^^^^^^^^^^^^^^
  File "C:\Users\KAYSZU\Desktop\Yoshlar_Agentligi\main.py", line 95, in db_session_middleware
    return await handler(event, data)
           ^^^^^^^^^^^^^^^^^^^^^^^^^^
  File "C:\Users\KAYSZU\AppData\Local\Programs\Python\Python311\Lib\site-packages\aiogram\dispatcher\event\handler.py", line 71, in call
    return await wrapped()
           ^^^^^^^^^^^^^^^
  File "C:\Users\KAYSZU\Desktop\Yoshlar_Agentligi\start.py", line 39, in cmd_start
    await message.answer(
  File "C:\Users\KAYSZU\AppData\Local\Programs\Python\Python311\Lib\site-packages\aiogram\methods\base.py", line 82, in emit
    return await bot(self)
           ^^^^^^^^^^^^^^^
  File "C:\Users\KAYSZU\AppData\Local\Programs\Python\Python311\Lib\site-packages\aiogram\client\bot.py", line 487, in __call__
    return await self.session(self, method, timeout=request_timeout)
           ^^^^^^^^^^^^^^^^^^^^^^^^^^^^^^^^^^^^^^^^^^^^^^^^^^^^^^^^^
  File "C:\Users\KAYSZU\AppData\Local\Programs\Python\Python311\Lib\site-packages\aiogram\client\session\base.py", line 259, in __call__
    return cast(TelegramType, await middleware(bot, method))
                              ^^^^^^^^^^^^^^^^^^^^^^^^^^^^^
  File "C:\Users\KAYSZU\AppData\Local\Programs\Python\Python311\Lib\site-packages\aiogram\client\session\aiohttp.py", line 176, in make_request
    raise TelegramNetworkError(method=method, message=f"{type(e).__name__}: {e}") from e
aiogram.exceptions.TelegramNetworkError: HTTP Client says - ClientConnectorError: Cannot connect to host api.telegram.org:443 ssl:default [Превышен таймаут семафора]
2026-02-27 16:46:04,173 - aiogram.event - ERROR - Cause exception while process update id=979516469 by bot id=8550305983
TelegramNetworkError: HTTP Client says - ClientConnectorError: Cannot connect to host api.telegram.org:443 ssl:default [Превышен таймаут семафора]
Traceback (most recent call last):
  File "C:\Users\KAYSZU\AppData\Local\Programs\Python\Python311\Lib\site-packages\aiohttp\connector.py", line 1298, in _wrap_create_connection
    sock = await aiohappyeyeballs.start_connection(
           ^^^^^^^^^^^^^^^^^^^^^^^^^^^^^^^^^^^^^^^^
  File "C:\Users\KAYSZU\AppData\Local\Programs\Python\Python311\Lib\site-packages\aiohappyeyeballs\impl.py", line 122, in start_connection
    raise first_exception
  File "C:\Users\KAYSZU\AppData\Local\Programs\Python\Python311\Lib\site-packages\aiohappyeyeballs\impl.py", line 73, in start_connection
    sock = await _connect_sock(
           ^^^^^^^^^^^^^^^^^^^^
  File "C:\Users\KAYSZU\AppData\Local\Programs\Python\Python311\Lib\site-packages\aiohappyeyeballs\impl.py", line 208, in _connect_sock
    await loop.sock_connect(sock, address)
  File "C:\Users\KAYSZU\AppData\Local\Programs\Python\Python311\Lib\asyncio\proactor_events.py", line 726, in sock_connect
    return await self._proactor.connect(sock, address)
           ^^^^^^^^^^^^^^^^^^^^^^^^^^^^^^^^^^^^^^^^^^^
  File "C:\Users\KAYSZU\AppData\Local\Programs\Python\Python311\Lib\asyncio\windows_events.py", line 846, in _poll
    value = callback(transferred, key, ov)
            ^^^^^^^^^^^^^^^^^^^^^^^^^^^^^^
  File "C:\Users\KAYSZU\AppData\Local\Programs\Python\Python311\Lib\asyncio\windows_events.py", line 633, in finish_connect
    ov.getresult()
OSError: [WinError 121] Превышен таймаут семафора

The above exception was the direct cause of the following exception:

Traceback (most recent call last):
  File "C:\Users\KAYSZU\AppData\Local\Programs\Python\Python311\Lib\site-packages\aiogram\client\session\aiohttp.py", line 167, in make_request
    async with session.post(
  File "C:\Users\KAYSZU\AppData\Local\Programs\Python\Python311\Lib\site-packages\aiohttp\client.py", line 1510, in __aenter__
    self._resp: _RetType = await self._coro
                           ^^^^^^^^^^^^^^^^
  File "C:\Users\KAYSZU\AppData\Local\Programs\Python\Python311\Lib\site-packages\aiohttp\client.py", line 779, in _request
    resp = await handler(req)
           ^^^^^^^^^^^^^^^^^^
  File "C:\Users\KAYSZU\AppData\Local\Programs\Python\Python311\Lib\site-packages\aiohttp\client.py", line 734, in _connect_and_send_request
    conn = await self._connector.connect(
           ^^^^^^^^^^^^^^^^^^^^^^^^^^^^^^
  File "C:\Users\KAYSZU\AppData\Local\Programs\Python\Python311\Lib\site-packages\aiohttp\connector.py", line 672, in connect
    proto = await self._create_connection(req, traces, timeout)
            ^^^^^^^^^^^^^^^^^^^^^^^^^^^^^^^^^^^^^^^^^^^^^^^^^^^
  File "C:\Users\KAYSZU\AppData\Local\Programs\Python\Python311\Lib\site-packages\aiohttp\connector.py", line 1239, in _create_connection
    _, proto = await self._create_direct_connection(req, traces, timeout)
               ^^^^^^^^^^^^^^^^^^^^^^^^^^^^^^^^^^^^^^^^^^^^^^^^^^^^^^^^^^
  File "C:\Users\KAYSZU\AppData\Local\Programs\Python\Python311\Lib\site-packages\aiohttp\connector.py", line 1611, in _create_direct_connection
    raise last_exc
  File "C:\Users\KAYSZU\AppData\Local\Programs\Python\Python311\Lib\site-packages\aiohttp\connector.py", line 1580, in _create_direct_connection
    transp, proto = await self._wrap_create_connection(
                    ^^^^^^^^^^^^^^^^^^^^^^^^^^^^^^^^^^^
  File "C:\Users\KAYSZU\AppData\Local\Programs\Python\Python311\Lib\site-packages\aiohttp\connector.py", line 1321, in _wrap_create_connection
    raise client_error(req.connection_key, exc) from exc
aiohttp.client_exceptions.ClientConnectorError: Cannot connect to host api.telegram.org:443 ssl:default [Превышен таймаут семафора]

The above exception was the direct cause of the following exception:

Traceback (most recent call last):
  File "C:\Users\KAYSZU\AppData\Local\Programs\Python\Python311\Lib\site-packages\aiogram\dispatcher\dispatcher.py", line 320, in _process_update
    response = await self.feed_update(bot, update, **kwargs)
               ^^^^^^^^^^^^^^^^^^^^^^^^^^^^^^^^^^^^^^^^^^^^^
  File "C:\Users\KAYSZU\AppData\Local\Programs\Python\Python311\Lib\site-packages\aiogram\dispatcher\dispatcher.py", line 164, in feed_update
    response = await self.update.wrap_outer_middleware(
               ^^^^^^^^^^^^^^^^^^^^^^^^^^^^^^^^^^^^^^^^
  File "C:\Users\KAYSZU\AppData\Local\Programs\Python\Python311\Lib\site-packages\aiogram\dispatcher\middlewares\error.py", line 27, in __call__
    return await handler(event, data)
           ^^^^^^^^^^^^^^^^^^^^^^^^^^
  File "C:\Users\KAYSZU\AppData\Local\Programs\Python\Python311\Lib\site-packages\aiogram\dispatcher\middlewares\user_context.py", line 58, in __call__
    return await handler(event, data)
           ^^^^^^^^^^^^^^^^^^^^^^^^^^
  File "C:\Users\KAYSZU\AppData\Local\Programs\Python\Python311\Lib\site-packages\aiogram\fsm\middleware.py", line 43, in __call__
    return await handler(event, data)
           ^^^^^^^^^^^^^^^^^^^^^^^^^^
  File "C:\Users\KAYSZU\AppData\Local\Programs\Python\Python311\Lib\site-packages\aiogram\dispatcher\event\telegram.py", line 126, in trigger
    return await wrapped_inner(event, kwargs)
           ^^^^^^^^^^^^^^^^^^^^^^^^^^^^^^^^^^
  File "C:\Users\KAYSZU\AppData\Local\Programs\Python\Python311\Lib\site-packages\aiogram\dispatcher\event\handler.py", line 71, in call
    return await wrapped()
           ^^^^^^^^^^^^^^^
  File "C:\Users\KAYSZU\AppData\Local\Programs\Python\Python311\Lib\site-packages\aiogram\dispatcher\dispatcher.py", line 283, in _listen_update
    return await self.propagate_event(update_type=update_type, event=event, **kwargs)
           ^^^^^^^^^^^^^^^^^^^^^^^^^^^^^^^^^^^^^^^^^^^^^^^^^^^^^^^^^^^^^^^^^^^^^^^^^^
  File "C:\Users\KAYSZU\AppData\Local\Programs\Python\Python311\Lib\site-packages\aiogram\dispatcher\router.py", line 161, in propagate_event
    return await observer.wrap_outer_middleware(_wrapped, event=event, data=kwargs)
           ^^^^^^^^^^^^^^^^^^^^^^^^^^^^^^^^^^^^^^^^^^^^^^^^^^^^^^^^^^^^^^^^^^^^^^^^
  File "C:\Users\KAYSZU\AppData\Local\Programs\Python\Python311\Lib\site-packages\aiogram\dispatcher\router.py", line 153, in _wrapped
    return await self._propagate_event(
           ^^^^^^^^^^^^^^^^^^^^^^^^^^^^
  File "C:\Users\KAYSZU\AppData\Local\Programs\Python\Python311\Lib\site-packages\aiogram\dispatcher\router.py", line 189, in _propagate_event
    response = await router.propagate_event(update_type=update_type, event=event, **kwargs)
               ^^^^^^^^^^^^^^^^^^^^^^^^^^^^^^^^^^^^^^^^^^^^^^^^^^^^^^^^^^^^^^^^^^^^^^^^^^^^
  File "C:\Users\KAYSZU\AppData\Local\Programs\Python\Python311\Lib\site-packages\aiogram\dispatcher\router.py", line 161, in propagate_event
    return await observer.wrap_outer_middleware(_wrapped, event=event, data=kwargs)
           ^^^^^^^^^^^^^^^^^^^^^^^^^^^^^^^^^^^^^^^^^^^^^^^^^^^^^^^^^^^^^^^^^^^^^^^^
  File "C:\Users\KAYSZU\AppData\Local\Programs\Python\Python311\Lib\site-packages\aiogram\dispatcher\router.py", line 153, in _wrapped
    return await self._propagate_event(
           ^^^^^^^^^^^^^^^^^^^^^^^^^^^^
  File "C:\Users\KAYSZU\AppData\Local\Programs\Python\Python311\Lib\site-packages\aiogram\dispatcher\router.py", line 181, in _propagate_event
    response = await observer.trigger(event, **kwargs)
               ^^^^^^^^^^^^^^^^^^^^^^^^^^^^^^^^^^^^^^^
  File "C:\Users\KAYSZU\AppData\Local\Programs\Python\Python311\Lib\site-packages\aiogram\dispatcher\event\telegram.py", line 126, in trigger
    return await wrapped_inner(event, kwargs)
           ^^^^^^^^^^^^^^^^^^^^^^^^^^^^^^^^^^
  File "C:\Users\KAYSZU\Desktop\Yoshlar_Agentligi\middlewares.py", line 83, in __call__
    return await handler(event, data)
           ^^^^^^^^^^^^^^^^^^^^^^^^^^
  File "C:\Users\KAYSZU\Desktop\Yoshlar_Agentligi\middlewares.py", line 47, in __call__
    return await handler(event, data)
           ^^^^^^^^^^^^^^^^^^^^^^^^^^
  File "C:\Users\KAYSZU\Desktop\Yoshlar_Agentligi\middlewares.py", line 108, in __call__
    return await handler(event, data)
           ^^^^^^^^^^^^^^^^^^^^^^^^^^
  File "C:\Users\KAYSZU\Desktop\Yoshlar_Agentligi\main.py", line 95, in db_session_middleware
    return await handler(event, data)
           ^^^^^^^^^^^^^^^^^^^^^^^^^^
  File "C:\Users\KAYSZU\AppData\Local\Programs\Python\Python311\Lib\site-packages\aiogram\dispatcher\event\handler.py", line 71, in call
    return await wrapped()
           ^^^^^^^^^^^^^^^
  File "C:\Users\KAYSZU\Desktop\Yoshlar_Agentligi\start.py", line 39, in cmd_start
    await message.answer(
  File "C:\Users\KAYSZU\AppData\Local\Programs\Python\Python311\Lib\site-packages\aiogram\methods\base.py", line 82, in emit
    return await bot(self)
           ^^^^^^^^^^^^^^^
  File "C:\Users\KAYSZU\AppData\Local\Programs\Python\Python311\Lib\site-packages\aiogram\client\bot.py", line 487, in __call__
    return await self.session(self, method, timeout=request_timeout)
           ^^^^^^^^^^^^^^^^^^^^^^^^^^^^^^^^^^^^^^^^^^^^^^^^^^^^^^^^^
  File "C:\Users\KAYSZU\AppData\Local\Programs\Python\Python311\Lib\site-packages\aiogram\client\session\base.py", line 259, in __call__
    return cast(TelegramType, await middleware(bot, method))
                              ^^^^^^^^^^^^^^^^^^^^^^^^^^^^^
  File "C:\Users\KAYSZU\AppData\Local\Programs\Python\Python311\Lib\site-packages\aiogram\client\session\aiohttp.py", line 176, in make_request
    raise TelegramNetworkError(method=method, message=f"{type(e).__name__}: {e}") from e
aiogram.exceptions.TelegramNetworkError: HTTP Client says - ClientConnectorError: Cannot connect to host api.telegram.org:443 ssl:default [Превышен таймаут семафора]
2026-02-27 19:11:42,710 - aiogram.dispatcher - ERROR - Failed to fetch updates - TelegramNetworkError: HTTP Client says - Request timeout error
2026-02-27 19:11:42,710 - aiogram.dispatcher - WARNING - Sleep for 1.000000 seconds and try again... (tryings = 0, bot id = 8550305983)
2026-02-27 19:11:44,728 - aiogram.dispatcher - ERROR - Failed to fetch updates - TelegramNetworkError: HTTP Client says - ClientConnectorDNSError: Cannot connect to host api.telegram.org:443 ssl:default [getaddrinfo failed]
2026-02-27 19:11:44,728 - aiogram.dispatcher - WARNING - Sleep for 1.223325 seconds and try again... (tryings = 1, bot id = 8550305983)
2026-02-27 19:11:45,971 - aiogram.dispatcher - ERROR - Failed to fetch updates - TelegramNetworkError: HTTP Client says - ClientConnectorDNSError: Cannot connect to host api.telegram.org:443 ssl:default [getaddrinfo failed]
2026-02-27 19:11:45,971 - aiogram.dispatcher - WARNING - Sleep for 1.706674 seconds and try again... (tryings = 2, bot id = 8550305983)
2026-02-27 19:11:47,695 - aiogram.dispatcher - ERROR - Failed to fetch updates - TelegramNetworkError: HTTP Client says - ClientConnectorDNSError: Cannot connect to host api.telegram.org:443 ssl:default [getaddrinfo failed]
2026-02-27 19:11:47,696 - aiogram.dispatcher - WARNING - Sleep for 2.300542 seconds and try again... (tryings = 3, bot id = 8550305983)
2026-02-27 19:11:49,999 - aiogram.dispatcher - ERROR - Failed to fetch updates - TelegramNetworkError: HTTP Client says - ClientConnectorDNSError: Cannot connect to host api.telegram.org:443 ssl:default [getaddrinfo failed]
2026-02-27 19:11:49,999 - aiogram.dispatcher - WARNING - Sleep for 3.037608 seconds and try again... (tryings = 4, bot id = 8550305983)
2026-02-27 19:11:53,052 - aiogram.dispatcher - ERROR - Failed to fetch updates - TelegramNetworkError: HTTP Client says - ClientConnectorDNSError: Cannot connect to host api.telegram.org:443 ssl:default [getaddrinfo failed]
2026-02-27 19:11:53,052 - aiogram.dispatcher - WARNING - Sleep for 3.873661 seconds and try again... (tryings = 5, bot id = 8550305983)
2026-02-27 19:11:56,927 - aiogram.dispatcher - ERROR - Failed to fetch updates - TelegramNetworkError: HTTP Client says - ClientConnectorDNSError: Cannot connect to host api.telegram.org:443 ssl:default [getaddrinfo failed]
2026-02-27 19:11:56,927 - aiogram.dispatcher - WARNING - Sleep for 4.908866 seconds and try again... (tryings = 6, bot id = 8550305983)
2026-02-27 19:54:58,124 - aiogram.dispatcher - ERROR - Failed to fetch updates - TelegramNetworkError: HTTP Client says - ClientConnectorDNSError: Cannot connect to host api.telegram.org:443 ssl:default [getaddrinfo failed]
2026-02-27 19:54:58,125 - aiogram.dispatcher - WARNING - Sleep for 5.047709 seconds and try again... (tryings = 7, bot id = 8550305983)
2026-02-27 19:55:03,187 - aiogram.dispatcher - ERROR - Failed to fetch updates - TelegramNetworkError: HTTP Client says - ClientConnectorDNSError: Cannot connect to host api.telegram.org:443 ssl:default [getaddrinfo failed]
2026-02-27 19:55:03,188 - aiogram.dispatcher - WARNING - Sleep for 5.049101 seconds and try again... (tryings = 8, bot id = 8550305983)
2026-02-27 19:55:08,245 - aiogram.dispatcher - ERROR - Failed to fetch updates - TelegramNetworkError: HTTP Client says - ClientConnectorDNSError: Cannot connect to host api.telegram.org:443 ssl:default [getaddrinfo failed]
2026-02-27 19:55:08,246 - aiogram.dispatcher - WARNING - Sleep for 5.203009 seconds and try again... (tryings = 9, bot id = 8550305983)
2026-02-27 19:55:13,461 - aiogram.dispatcher - ERROR - Failed to fetch updates - TelegramNetworkError: HTTP Client says - ClientConnectorDNSError: Cannot connect to host api.telegram.org:443 ssl:default [getaddrinfo failed]
2026-02-27 19:55:13,461 - aiogram.dispatcher - WARNING - Sleep for 5.005709 seconds and try again... (tryings = 10, bot id = 8550305983)
2026-02-27 19:55:18,481 - aiogram.dispatcher - ERROR - Failed to fetch updates - TelegramNetworkError: HTTP Client says - ClientConnectorDNSError: Cannot connect to host api.telegram.org:443 ssl:default [getaddrinfo failed]
2026-02-27 19:55:18,482 - aiogram.dispatcher - WARNING - Sleep for 4.929104 seconds and try again... (tryings = 11, bot id = 8550305983)
2026-02-27 19:55:23,438 - aiogram.dispatcher - ERROR - Failed to fetch updates - TelegramNetworkError: HTTP Client says - ClientConnectorDNSError: Cannot connect to host api.telegram.org:443 ssl:default [getaddrinfo failed]
2026-02-27 19:55:23,438 - aiogram.dispatcher - WARNING - Sleep for 5.118001 seconds and try again... (tryings = 12, bot id = 8550305983)
2026-02-27 19:55:28,577 - aiogram.dispatcher - ERROR - Failed to fetch updates - TelegramNetworkError: HTTP Client says - ClientConnectorDNSError: Cannot connect to host api.telegram.org:443 ssl:default [getaddrinfo failed]
2026-02-27 19:55:28,577 - aiogram.dispatcher - WARNING - Sleep for 5.070627 seconds and try again... (tryings = 13, bot id = 8550305983)
2026-02-27 19:55:33,662 - aiogram.dispatcher - ERROR - Failed to fetch updates - TelegramNetworkError: HTTP Client says - ClientConnectorDNSError: Cannot connect to host api.telegram.org:443 ssl:default [getaddrinfo failed]
2026-02-27 19:55:33,663 - aiogram.dispatcher - WARNING - Sleep for 5.020292 seconds and try again... (tryings = 14, bot id = 8550305983)
2026-02-27 19:55:38,819 - aiogram.dispatcher - ERROR - Failed to fetch updates - TelegramNetworkError: HTTP Client says - ClientConnectorDNSError: Cannot connect to host api.telegram.org:443 ssl:default [getaddrinfo failed]
2026-02-27 19:55:38,820 - aiogram.dispatcher - WARNING - Sleep for 4.922826 seconds and try again... (tryings = 15, bot id = 8550305983)
2026-02-27 19:58:34,629 - aiogram.dispatcher - ERROR - Failed to fetch updates - TelegramNetworkError: HTTP Client says - Request timeout error
2026-02-27 19:58:34,631 - aiogram.dispatcher - WARNING - Sleep for 5.143831 seconds and try again... (tryings = 16, bot id = 8550305983)
2026-02-27 19:58:39,948 - aiogram.dispatcher - ERROR - Failed to fetch updates - TelegramNetworkError: HTTP Client says - ClientConnectorDNSError: Cannot connect to host api.telegram.org:443 ssl:default [getaddrinfo failed]
2026-02-27 19:58:39,950 - aiogram.dispatcher - WARNING - Sleep for 5.209937 seconds and try again... (tryings = 17, bot id = 8550305983)
2026-02-27 19:58:45,211 - aiogram.dispatcher - ERROR - Failed to fetch updates - TelegramNetworkError: HTTP Client says - ClientConnectorDNSError: Cannot connect to host api.telegram.org:443 ssl:default [getaddrinfo failed]
2026-02-27 19:58:45,212 - aiogram.dispatcher - WARNING - Sleep for 4.840018 seconds and try again... (tryings = 18, bot id = 8550305983)
2026-02-27 19:58:50,071 - aiogram.dispatcher - ERROR - Failed to fetch updates - TelegramNetworkError: HTTP Client says - ClientConnectorDNSError: Cannot connect to host api.telegram.org:443 ssl:default [getaddrinfo failed]
2026-02-27 19:58:50,073 - aiogram.dispatcher - WARNING - Sleep for 4.950335 seconds and try again... (tryings = 19, bot id = 8550305983)
2026-02-27 20:00:05,006 - aiogram.dispatcher - ERROR - Failed to fetch updates - TelegramNetworkError: HTTP Client says - ClientConnectorDNSError: Cannot connect to host api.telegram.org:443 ssl:default [getaddrinfo failed]
2026-02-27 20:00:05,006 - aiogram.dispatcher - WARNING - Sleep for 5.015671 seconds and try again... (tryings = 20, bot id = 8550305983)
2026-02-27 20:00:10,033 - aiogram.dispatcher - ERROR - Failed to fetch updates - TelegramNetworkError: HTTP Client says - ClientConnectorDNSError: Cannot connect to host api.telegram.org:443 ssl:default [getaddrinfo failed]
2026-02-27 20:00:10,033 - aiogram.dispatcher - WARNING - Sleep for 4.860106 seconds and try again... (tryings = 21, bot id = 8550305983)
2026-02-27 20:00:14,913 - aiogram.dispatcher - ERROR - Failed to fetch updates - TelegramNetworkError: HTTP Client says - ClientConnectorDNSError: Cannot connect to host api.telegram.org:443 ssl:default [getaddrinfo failed]
2026-02-27 20:00:14,913 - aiogram.dispatcher - WARNING - Sleep for 4.994586 seconds and try again... (tryings = 22, bot id = 8550305983)
2026-02-27 20:00:19,929 - aiogram.dispatcher - ERROR - Failed to fetch updates - TelegramNetworkError: HTTP Client says - ClientConnectorDNSError: Cannot connect to host api.telegram.org:443 ssl:default [getaddrinfo failed]
2026-02-27 20:00:19,929 - aiogram.dispatcher - WARNING - Sleep for 5.022329 seconds and try again... (tryings = 23, bot id = 8550305983)
2026-02-27 20:00:24,988 - aiogram.dispatcher - ERROR - Failed to fetch updates - TelegramNetworkError: HTTP Client says - ClientConnectorDNSError: Cannot connect to host api.telegram.org:443 ssl:default [getaddrinfo failed]
2026-02-27 20:00:24,988 - aiogram.dispatcher - WARNING - Sleep for 4.959821 seconds and try again... (tryings = 24, bot id = 8550305983)
2026-02-27 20:00:29,981 - aiogram.dispatcher - ERROR - Failed to fetch updates - TelegramNetworkError: HTTP Client says - ClientConnectorDNSError: Cannot connect to host api.telegram.org:443 ssl:default [getaddrinfo failed]
2026-02-27 20:00:29,981 - aiogram.dispatcher - WARNING - Sleep for 5.222980 seconds and try again... (tryings = 25, bot id = 8550305983)
2026-02-27 20:00:35,221 - aiogram.dispatcher - ERROR - Failed to fetch updates - TelegramNetworkError: HTTP Client says - ClientConnectorDNSError: Cannot connect to host api.telegram.org:443 ssl:default [getaddrinfo failed]
2026-02-27 20:00:35,221 - aiogram.dispatcher - WARNING - Sleep for 5.175383 seconds and try again... (tryings = 26, bot id = 8550305983)
2026-02-27 20:00:40,413 - aiogram.dispatcher - ERROR - Failed to fetch updates - TelegramNetworkError: HTTP Client says - ClientConnectorDNSError: Cannot connect to host api.telegram.org:443 ssl:default [getaddrinfo failed]
2026-02-27 20:00:40,413 - aiogram.dispatcher - WARNING - Sleep for 4.888961 seconds and try again... (tryings = 27, bot id = 8550305983)
2026-02-27 20:00:45,322 - aiogram.dispatcher - ERROR - Failed to fetch updates - TelegramNetworkError: HTTP Client says - ClientConnectorDNSError: Cannot connect to host api.telegram.org:443 ssl:default [getaddrinfo failed]
2026-02-27 20:00:45,322 - aiogram.dispatcher - WARNING - Sleep for 5.033834 seconds and try again... (tryings = 28, bot id = 8550305983)
2026-02-27 20:00:50,374 - aiogram.dispatcher - ERROR - Failed to fetch updates - TelegramNetworkError: HTTP Client says - ClientConnectorDNSError: Cannot connect to host api.telegram.org:443 ssl:default [getaddrinfo failed]
2026-02-27 20:00:50,374 - aiogram.dispatcher - WARNING - Sleep for 5.125765 seconds and try again... (tryings = 29, bot id = 8550305983)
2026-02-27 20:00:58,006 - aiogram.dispatcher - ERROR - Failed to fetch updates - TelegramNetworkError: HTTP Client says - ClientConnectorDNSError: Cannot connect to host api.telegram.org:443 ssl:default [getaddrinfo failed]
2026-02-27 20:00:58,007 - aiogram.dispatcher - WARNING - Sleep for 5.013469 seconds and try again... (tryings = 30, bot id = 8550305983)
2026-02-27 20:01:03,039 - aiogram.dispatcher - ERROR - Failed to fetch updates - TelegramNetworkError: HTTP Client says - ClientConnectorDNSError: Cannot connect to host api.telegram.org:443 ssl:default [getaddrinfo failed]
2026-02-27 20:01:03,039 - aiogram.dispatcher - WARNING - Sleep for 5.029837 seconds and try again... (tryings = 31, bot id = 8550305983)
2026-02-27 21:16:36,317 - aiogram.dispatcher - ERROR - Failed to fetch updates - TelegramNetworkError: HTTP Client says - ClientOSError: [WinError 1236] Подключение к сети было разорвано локальной системой
2026-02-27 21:16:36,317 - aiogram.dispatcher - WARNING - Sleep for 1.000000 seconds and try again... (tryings = 0, bot id = 8550305983)
2026-02-27 21:16:37,324 - aiogram.dispatcher - ERROR - Failed to fetch updates - TelegramNetworkError: HTTP Client says - ClientConnectorError: Cannot connect to host api.telegram.org:443 ssl:default [Сетевая папка недоступна. За информацией о разрешении проблем в сети обратитесь к справочной системе Windows]
2026-02-27 21:16:37,325 - aiogram.dispatcher - WARNING - Sleep for 1.197022 seconds and try again... (tryings = 1, bot id = 8550305983)
2026-02-27 21:16:38,530 - aiogram.dispatcher - ERROR - Failed to fetch updates - TelegramNetworkError: HTTP Client says - ClientConnectorError: Cannot connect to host api.telegram.org:443 ssl:default [Сетевая папка недоступна. За информацией о разрешении проблем в сети обратитесь к справочной системе Windows]
2026-02-27 21:16:38,530 - aiogram.dispatcher - WARNING - Sleep for 1.399736 seconds and try again... (tryings = 2, bot id = 8550305983)
2026-02-27 21:17:45,883 - aiogram.dispatcher - ERROR - Failed to fetch updates - TelegramNetworkError: HTTP Client says - ClientConnectorError: Cannot connect to host api.telegram.org:443 ssl:default [Превышен таймаут семафора]
2026-02-27 21:17:45,884 - aiogram.dispatcher - WARNING - Sleep for 1.782504 seconds and try again... (tryings = 3, bot id = 8550305983)
2026-02-27 21:17:47,676 - aiogram.dispatcher - ERROR - Failed to fetch updates - TelegramNetworkError: HTTP Client says - ClientConnectorError: Cannot connect to host api.telegram.org:443 ssl:default [Сетевая папка недоступна. За информацией о разрешении проблем в сети обратитесь к справочной системе Windows]
2026-02-27 21:17:47,677 - aiogram.dispatcher - WARNING - Sleep for 2.374120 seconds and try again... (tryings = 4, bot id = 8550305983)
2026-02-27 21:17:50,061 - aiogram.dispatcher - ERROR - Failed to fetch updates - TelegramNetworkError: HTTP Client says - ClientConnectorError: Cannot connect to host api.telegram.org:443 ssl:default [Сетевая папка недоступна. За информацией о разрешении проблем в сети обратитесь к справочной системе Windows]
2026-02-27 21:17:50,061 - aiogram.dispatcher - WARNING - Sleep for 3.044567 seconds and try again... (tryings = 5, bot id = 8550305983)
2026-02-27 21:23:02,237 - aiogram.dispatcher - ERROR - Failed to fetch updates - TelegramConflictError: Telegram server says - Conflict: terminated by other getUpdates request; make sure that only one bot instance is running
2026-02-27 21:23:02,237 - aiogram.dispatcher - WARNING - Sleep for 1.000000 seconds and try again... (tryings = 0, bot id = 8550305983)
2026-02-27 21:23:07,505 - aiogram.dispatcher - ERROR - Failed to fetch updates - TelegramConflictError: Telegram server says - Conflict: terminated by other getUpdates request; make sure that only one bot instance is running
2026-02-27 21:23:07,505 - aiogram.dispatcher - WARNING - Sleep for 1.017757 seconds and try again... (tryings = 1, bot id = 8550305983)
2026-02-27 21:23:12,924 - aiogram.dispatcher - ERROR - Failed to fetch updates - TelegramConflictError: Telegram server says - Conflict: terminated by other getUpdates request; make sure that only one bot instance is running
2026-02-27 21:23:12,924 - aiogram.dispatcher - WARNING - Sleep for 1.210970 seconds and try again... (tryings = 2, bot id = 8550305983)
2026-02-27 21:23:19,031 - aiogram.dispatcher - ERROR - Failed to fetch updates - TelegramConflictError: Telegram server says - Conflict: terminated by other getUpdates request; make sure that only one bot instance is running
2026-02-27 21:23:19,032 - aiogram.dispatcher - WARNING - Sleep for 1.337213 seconds and try again... (tryings = 3, bot id = 8550305983)
2026-02-27 21:23:24,494 - aiogram.dispatcher - ERROR - Failed to fetch updates - TelegramConflictError: Telegram server says - Conflict: terminated by other getUpdates request; make sure that only one bot instance is running
2026-02-27 21:23:24,494 - aiogram.dispatcher - WARNING - Sleep for 1.713746 seconds and try again... (tryings = 4, bot id = 8550305983)
2026-02-27 21:23:30,694 - aiogram.dispatcher - ERROR - Failed to fetch updates - TelegramConflictError: Telegram server says - Conflict: terminated by other getUpdates request; make sure that only one bot instance is running
2026-02-27 21:23:30,695 - aiogram.dispatcher - WARNING - Sleep for 2.327416 seconds and try again... (tryings = 5, bot id = 8550305983)
2026-02-27 21:23:37,889 - aiogram.dispatcher - ERROR - Failed to fetch updates - TelegramConflictError: Telegram server says - Conflict: terminated by other getUpdates request; make sure that only one bot instance is running
2026-02-27 21:23:37,889 - aiogram.dispatcher - WARNING - Sleep for 2.991243 seconds and try again... (tryings = 6, bot id = 8550305983)
2026-02-27 21:23:46,191 - aiogram.dispatcher - ERROR - Failed to fetch updates - TelegramConflictError: Telegram server says - Conflict: terminated by other getUpdates request; make sure that only one bot instance is running
2026-02-27 21:23:46,191 - aiogram.dispatcher - WARNING - Sleep for 3.926188 seconds and try again... (tryings = 7, bot id = 8550305983)
2026-02-27 21:23:55,937 - aiogram.dispatcher - ERROR - Failed to fetch updates - TelegramConflictError: Telegram server says - Conflict: terminated by other getUpdates request; make sure that only one bot instance is running
2026-02-27 21:23:55,937 - aiogram.dispatcher - WARNING - Sleep for 5.066390 seconds and try again... (tryings = 8, bot id = 8550305983)
2026-02-27 21:24:04,574 - aiogram.dispatcher - ERROR - Failed to fetch updates - TelegramConflictError: Telegram server says - Conflict: terminated by other getUpdates request; make sure that only one bot instance is running
2026-02-27 21:24:04,574 - aiogram.dispatcher - WARNING - Sleep for 5.119572 seconds and try again... (tryings = 9, bot id = 8550305983)
2026-02-27 21:24:14,383 - aiogram.dispatcher - ERROR - Failed to fetch updates - TelegramConflictError: Telegram server says - Conflict: terminated by other getUpdates request; make sure that only one bot instance is running
2026-02-27 21:24:14,384 - aiogram.dispatcher - WARNING - Sleep for 5.207776 seconds and try again... (tryings = 10, bot id = 8550305983)
2026-02-27 21:24:24,868 - aiogram.dispatcher - ERROR - Failed to fetch updates - TelegramConflictError: Telegram server says - Conflict: terminated by other getUpdates request; make sure that only one bot instance is running
2026-02-27 21:24:24,868 - aiogram.dispatcher - WARNING - Sleep for 5.100539 seconds and try again... (tryings = 11, bot id = 8550305983)
2026-02-27 21:24:49,431 - aiogram.dispatcher - ERROR - Failed to fetch updates - TelegramConflictError: Telegram server says - Conflict: terminated by other getUpdates request; make sure that only one bot instance is running
2026-02-27 21:24:49,432 - aiogram.dispatcher - WARNING - Sleep for 1.000000 seconds and try again... (tryings = 0, bot id = 8550305983)
2026-02-27 21:24:54,699 - aiogram.dispatcher - ERROR - Failed to fetch updates - TelegramConflictError: Telegram server says - Conflict: terminated by other getUpdates request; make sure that only one bot instance is running
2026-02-27 21:24:54,699 - aiogram.dispatcher - WARNING - Sleep for 1.338388 seconds and try again... (tryings = 1, bot id = 8550305983)
2026-02-27 21:25:00,666 - aiogram.dispatcher - ERROR - Failed to fetch updates - TelegramConflictError: Telegram server says - Conflict: terminated by other getUpdates request; make sure that only one bot instance is running
2026-02-27 21:25:00,666 - aiogram.dispatcher - WARNING - Sleep for 1.717068 seconds and try again... (tryings = 2, bot id = 8550305983)
2026-02-27 21:25:07,351 - aiogram.dispatcher - ERROR - Failed to fetch updates - TelegramConflictError: Telegram server says - Conflict: terminated by other getUpdates request; make sure that only one bot instance is running
2026-02-27 21:25:07,351 - aiogram.dispatcher - WARNING - Sleep for 2.249452 seconds and try again... (tryings = 3, bot id = 8550305983)
2026-02-27 21:25:15,231 - aiogram.dispatcher - ERROR - Failed to fetch updates - TelegramConflictError: Telegram server says - Conflict: terminated by other getUpdates request; make sure that only one bot instance is running
2026-02-27 21:25:15,231 - aiogram.dispatcher - WARNING - Sleep for 3.037740 seconds and try again... (tryings = 4, bot id = 8550305983)
2026-02-27 21:25:21,596 - aiogram.dispatcher - ERROR - Failed to fetch updates - TelegramConflictError: Telegram server says - Conflict: terminated by other getUpdates request; make sure that only one bot instance is running
2026-02-27 21:25:21,597 - aiogram.dispatcher - WARNING - Sleep for 3.922509 seconds and try again... (tryings = 5, bot id = 8550305983)
2026-02-27 21:25:29,834 - aiogram.dispatcher - ERROR - Failed to fetch updates - TelegramConflictError: Telegram server says - Conflict: terminated by other getUpdates request; make sure that only one bot instance is running
2026-02-27 21:25:29,834 - aiogram.dispatcher - WARNING - Sleep for 4.970632 seconds and try again... (tryings = 6, bot id = 8550305983)
2026-02-27 21:25:40,028 - aiogram.dispatcher - ERROR - Failed to fetch updates - TelegramConflictError: Telegram server says - Conflict: terminated by other getUpdates request; make sure that only one bot instance is running
2026-02-27 21:25:40,029 - aiogram.dispatcher - WARNING - Sleep for 4.933884 seconds and try again... (tryings = 7, bot id = 8550305983)
2026-02-27 21:25:50,245 - aiogram.dispatcher - ERROR - Failed to fetch updates - TelegramConflictError: Telegram server says - Conflict: terminated by other getUpdates request; make sure that only one bot instance is running
2026-02-27 21:25:50,245 - aiogram.dispatcher - WARNING - Sleep for 5.045256 seconds and try again... (tryings = 8, bot id = 8550305983)
2026-02-27 21:26:00,401 - aiogram.dispatcher - ERROR - Failed to fetch updates - TelegramConflictError: Telegram server says - Conflict: terminated by other getUpdates request; make sure that only one bot instance is running
2026-02-27 21:26:00,402 - aiogram.dispatcher - WARNING - Sleep for 1.000000 seconds and try again... (tryings = 0, bot id = 8550305983)
2026-02-27 21:26:09,446 - aiogram.dispatcher - ERROR - Failed to fetch updates - TelegramConflictError: Telegram server says - Conflict: terminated by other getUpdates request; make sure that only one bot instance is running
2026-02-27 21:26:09,447 - aiogram.dispatcher - WARNING - Sleep for 1.325165 seconds and try again... (tryings = 1, bot id = 8550305983)
2026-02-27 21:26:42,506 - aiogram.dispatcher - ERROR - Failed to fetch updates - TelegramConflictError: Telegram server says - Conflict: terminated by other getUpdates request; make sure that only one bot instance is running
2026-02-27 21:26:42,507 - aiogram.dispatcher - WARNING - Sleep for 1.000000 seconds and try again... (tryings = 0, bot id = 8550305983)
2026-02-27 21:26:47,792 - aiogram.dispatcher - ERROR - Failed to fetch updates - TelegramConflictError: Telegram server says - Conflict: terminated by other getUpdates request; make sure that only one bot instance is running
2026-02-27 21:26:47,792 - aiogram.dispatcher - WARNING - Sleep for 1.315667 seconds and try again... (tryings = 1, bot id = 8550305983)
2026-02-27 21:26:53,623 - aiogram.dispatcher - ERROR - Failed to fetch updates - TelegramConflictError: Telegram server says - Conflict: terminated by other getUpdates request; make sure that only one bot instance is running
2026-02-27 21:26:53,624 - aiogram.dispatcher - WARNING - Sleep for 1.714729 seconds and try again... (tryings = 2, bot id = 8550305983)
2026-02-27 21:27:00,144 - aiogram.dispatcher - ERROR - Failed to fetch updates - TelegramConflictError: Telegram server says - Conflict: terminated by other getUpdates request; make sure that only one bot instance is running
2026-02-27 21:27:00,145 - aiogram.dispatcher - WARNING - Sleep for 2.208275 seconds and try again... (tryings = 3, bot id = 8550305983)
